(---------------------------------------------------------------------)
(                                                                     )
(    Dangling Line, Via and Antenna Report                            )
(                                                                     )
(    Drawing          : pcb_tutorial.brd                              )
(    Software Version : 22.1S001                                      )
(    Date/Time        : Thu May  4 12:40:00 2023                      )
(                                                                     )
(---------------------------------------------------------------------)


Report methodology:
  - Dangling lines have at least one end not connected.
  - Dangling vias have one or no connection
      - Plus are not a test, thieving or netshort property via.
  - Antenna vias do not have connections on their start and end layers.
      - Plus they are not a thieving vias.
      - Optionally, VOLTAGE nets, testvias and through vias can be suppressed with
        the environment variable report_antennavia.
      - Section may be suppressed by variable report_noantennavia.
  - Not part of the current partition.
  - To suppress items in dangle report add the OK_DANGLE property to the via
    or connect line.



<< Antenna Vias >>
  Net                  Padstack               Location            Layers
  ---------------------------------------------------------------------------
  3.3V                 VIA                  (20.0000 2.5682) TOP/BOTTOM 
  3.3V                 VIA                  (21.7500 17.6271) TOP/BOTTOM 
  3.3V                 VIA                  (28.3728 22.2500) TOP/BOTTOM 
  3.3V                 VIA                  (27.8317 25.7500) TOP/BOTTOM 
  3.3V                 VIA                  (23.7500 31.8317) TOP/BOTTOM 
  3.3V                 VIA                  (22.2500 31.8317) TOP/BOTTOM 
  3.3V                 VIA                  (33.5682 22.0000) TOP/BOTTOM 
  3.3V                 VIA                  (33.0000 25.5682) TOP/BOTTOM 
  3.3V                 VIA                  (3.5682 17.0000) TOP/BOTTOM 
  3.3V                 VIA                  (3.5682 20.0000) TOP/BOTTOM 
  3.3V                 VIA                  (4.3682 30.0000) TOP/BOTTOM 
  3.3V                 VIA                  (10.0000 39.5682) TOP/BOTTOM 
  3.3V                 VIA                  (7.0000 39.5682) TOP/BOTTOM 
  3.3V                 VIA                  (2.6782 36.9750) TOP/BOTTOM 

<< Summary >>
  Total dangling lines:       0
  Total dangling vias:        0
  Total antenna vias:        14
